shashwat@sf-cpu-443:~/Desktop/Git_Practicals$ git init
hint: Using 'master' as the name for the initial branch. This default branch name
hint: is subject to change. To configure the initial branch name to use in all
hint: of your new repositories, which will suppress this warning, call:
hint: 
hint: 	git config --global init.defaultBranch <name>
hint: 
hint: Names commonly chosen instead of 'master' are 'main', 'trunk' and
hint: 'development'. The just-created branch can be renamed via this command:
hint: 
hint: 	git branch -m <name>
Initialized empty Git repository in /home/shashwat/Desktop/Git_Practicals/.git/
shashwat@sf-cpu-443:~/Desktop/Git_Practicals$ touch index.html
shashwat@sf-cpu-443:~/Desktop/Git_Practicals$ git status
On branch master

No commits yet

Untracked files:
  (use "git add <file>..." to include in what will be committed)
	README.md
	index.html

nothing added to commit but untracked files present (use "git add" to track)
shashwat@sf-cpu-443:~/Desktop/Git_Practicals$ git add .
shashwat@sf-cpu-443:~/Desktop/Git_Practicals$ git status
On branch master

No commits yet

Changes to be committed:
  (use "git rm --cached <file>..." to unstage)
	new file:   README.md
	new file:   index.html

shashwat@sf-cpu-443:~/Desktop/Git_Practicals$ git remote add origin https://github.com/Shashwat0505/Git_Practicals.git
shashwat@sf-cpu-443:~/Desktop/Git_Practicals$ git remote -v
origin	https://github.com/Shashwat0505/Git_Practicals.git (fetch)
origin	https://github.com/Shashwat0505/Git_Practicals.git (push)
shashwat@sf-cpu-443:~/Desktop/Git_Practicals$ git push origin master
error: src refspec master does not match any
error: failed to push some refs to 'https://github.com/Shashwat0505/Git_Practicals.git'
shashwat@sf-cpu-443:~/Desktop/Git_Practicals$ git branch
shashwat@sf-cpu-443:~/Desktop/Git_Practicals$ git commit -m 'index.html file added in master branch'
[master (root-commit) bfeb8d9] index.html file added in master branch
 2 files changed, 12 insertions(+)
 create mode 100644 README.md
 create mode 100644 index.html
shashwat@sf-cpu-443:~/Desktop/Git_Practicals$ git branch -M master
shashwat@sf-cpu-443:~/Desktop/Git_Practicals$ git branch
* master
shashwat@sf-cpu-443:~/Desktop/Git_Practicals$ git remote add origin https://github.com/Shashwat0505/Git_Practicals.git
error: remote origin already exists.
shashwat@sf-cpu-443:~/Desktop/Git_Practicals$ git push origin master
Enumerating objects: 4, done.
Counting objects: 100% (4/4), done.
Delta compression using up to 8 threads
Compressing objects: 100% (3/3), done.
Writing objects: 100% (4/4), 478 bytes | 478.00 KiB/s, done.
Total 4 (delta 0), reused 0 (delta 0), pack-reused 0
To https://github.com/Shashwat0505/Git_Practicals.git
 * [new branch]      master -> master
shashwat@sf-cpu-443:~/Desktop/Git_Practicals$ git status
On branch master
Changes not staged for commit:
  (use "git add <file>..." to update what will be committed)
  (use "git restore <file>..." to discard changes in working directory)
	modified:   README.md

no changes added to commit (use "git add" and/or "git commit -a")
shashwat@sf-cpu-443:~/Desktop/Git_Practicals$ git add .
shashwat@sf-cpu-443:~/Desktop/Git_Practicals$ git commit -m 'index.html and README.md file added to master branch'
[master 0dfcca3] index.html and README.md file added to master branch
 1 file changed, 6 insertions(+)
shashwat@sf-cpu-443:~/Desktop/Git_Practicals$ git push origin master
Enumerating objects: 5, done.
Counting objects: 100% (5/5), done.
Delta compression using up to 8 threads
Compressing objects: 100% (3/3), done.
Writing objects: 100% (3/3), 393 bytes | 393.00 KiB/s, done.
Total 3 (delta 0), reused 0 (delta 0), pack-reused 0
To https://github.com/Shashwat0505/Git_Practicals.git
   bfeb8d9..0dfcca3  master -> master
shashwat@sf-cpu-443:~/Desktop/Git_Practicals$ git checkout master
Already on 'master'
shashwat@sf-cpu-443:~/Desktop/Git_Practicals$ git branch Merge_1
shashwat@sf-cpu-443:~/Desktop/Git_Practicals$ git checkout Merge_1
Switched to branch 'Merge_1'
shashwat@sf-cpu-443:~/Desktop/Git_Practicals$ touch Test1.txt
shashwat@sf-cpu-443:~/Desktop/Git_Practicals$ git status
On branch Merge_1
Untracked files:
  (use "git add <file>..." to include in what will be committed)
	Test1.txt

nothing added to commit but untracked files present (use "git add" to track)
shashwat@sf-cpu-443:~/Desktop/Git_Practicals$ git add .
shashwat@sf-cpu-443:~/Desktop/Git_Practicals$ git status
On branch Merge_1
Changes to be committed:
  (use "git restore --staged <file>..." to unstage)
	new file:   Test1.txt

shashwat@sf-cpu-443:~/Desktop/Git_Practicals$ git commit -m "Test1.txt file added in Merge_1 branch"
[Merge_1 f99973b] Test1.txt file added in Merge_1 branch
 1 file changed, 0 insertions(+), 0 deletions(-)
 create mode 100644 Test1.txt
shashwat@sf-cpu-443:~/Desktop/Git_Practicals$ git push origin Merge_1
Enumerating objects: 4, done.
Counting objects: 100% (4/4), done.
Delta compression using up to 8 threads
Compressing objects: 100% (2/2), done.
Writing objects: 100% (3/3), 334 bytes | 334.00 KiB/s, done.
Total 3 (delta 0), reused 0 (delta 0), pack-reused 0
remote: 
remote: Create a pull request for 'Merge_1' on GitHub by visiting:
remote:      https://github.com/Shashwat0505/Git_Practicals/pull/new/Merge_1
remote: 
To https://github.com/Shashwat0505/Git_Practicals.git
 * [new branch]      Merge_1 -> Merge_1
shashwat@sf-cpu-443:~/Desktop/Git_Practicals$ git checkout master
Switched to branch 'master'
shashwat@sf-cpu-443:~/Desktop/Git_Practicals$ git branch Merge_2
shashwat@sf-cpu-443:~/Desktop/Git_Practicals$ git checkout Merge_2
Switched to branch 'Merge_2'
shashwat@sf-cpu-443:~/Desktop/Git_Practicals$ touch Test2.txt
shashwat@sf-cpu-443:~/Desktop/Git_Practicals$ git status
On branch Merge_2
Untracked files:
  (use "git add <file>..." to include in what will be committed)
	Test2.txt

nothing added to commit but untracked files present (use "git add" to track)
shashwat@sf-cpu-443:~/Desktop/Git_Practicals$ git add .
shashwat@sf-cpu-443:~/Desktop/Git_Practicals$ git status
On branch Merge_2
Changes to be committed:
  (use "git restore --staged <file>..." to unstage)
	new file:   Test2.txt

shashwat@sf-cpu-443:~/Desktop/Git_Practicals$ git commit -m 'Test2.txt file added in Merge_2 branch'
[Merge_2 3da4cf0] Test2.txt file added in Merge_2 branch
 1 file changed, 0 insertions(+), 0 deletions(-)
 create mode 100644 Test2.txt
shashwat@sf-cpu-443:~/Desktop/Git_Practicals$ git push origin Merge_2
Enumerating objects: 4, done.
Counting objects: 100% (4/4), done.
Delta compression using up to 8 threads
Compressing objects: 100% (2/2), done.
Writing objects: 100% (3/3), 333 bytes | 333.00 KiB/s, done.
Total 3 (delta 0), reused 0 (delta 0), pack-reused 0
remote: 
remote: Create a pull request for 'Merge_2' on GitHub by visiting:
remote:      https://github.com/Shashwat0505/Git_Practicals/pull/new/Merge_2
remote: 
To https://github.com/Shashwat0505/Git_Practicals.git
 * [new branch]      Merge_2 -> Merge_2
shashwat@sf-cpu-443:~/Desktop/Git_Practicals$ git checkout master
Switched to branch 'master'
shashwat@sf-cpu-443:~/Desktop/Git_Practicals$ git checkout Merge_2
Switched to branch 'Merge_2'
shashwat@sf-cpu-443:~/Desktop/Git_Practicals$ git pull Merge_1
fatal: 'Merge_1' does not appear to be a git repository
fatal: Could not read from remote repository.

Please make sure you have the correct access rights
and the repository exists.
shashwat@sf-cpu-443:~/Desktop/Git_Practicals$ git pull origin Merge_1
remote: Enumerating objects: 5, done.
remote: Counting objects: 100% (5/5), done.
remote: Compressing objects: 100% (3/3), done.
remote: Total 3 (delta 0), reused 0 (delta 0), pack-reused 0
Unpacking objects: 100% (3/3), 777 bytes | 777.00 KiB/s, done.
From https://github.com/Shashwat0505/Git_Practicals
 * branch            Merge_1    -> FETCH_HEAD
   f99973b..f38acf6  Merge_1    -> origin/Merge_1
hint: You have divergent branches and need to specify how to reconcile them.
hint: You can do so by running one of the following commands sometime before
hint: your next pull:
hint: 
hint:   git config pull.rebase false  # merge (the default strategy)
hint:   git config pull.rebase true   # rebase
hint:   git config pull.ff only       # fast-forward only
hint: 
hint: You can replace "git config" with "git config --global" to set a default
hint: preference for all repositories. You can also pass --rebase, --no-rebase,
hint: or --ff-only on the command line to override the configured default per
hint: invocation.
fatal: Need to specify how to reconcile divergent branches.
shashwat@sf-cpu-443:~/Desktop/Git_Practicals$ git branch
  Merge_1
* Merge_2
  master
shashwat@sf-cpu-443:~/Desktop/Git_Practicals$ git merge Merge_1
Merge made by the 'ort' strategy.
 Test1.txt | 0
 1 file changed, 0 insertions(+), 0 deletions(-)
 create mode 100644 Test1.txt
shashwat@sf-cpu-443:~/Desktop/Git_Practicals$ git status
On branch Merge_2
nothing to commit, working tree clean
shashwat@sf-cpu-443:~/Desktop/Git_Practicals$ git add .
shashwat@sf-cpu-443:~/Desktop/Git_Practicals$ git status
On branch Merge_2
nothing to commit, working tree clean
shashwat@sf-cpu-443:~/Desktop/Git_Practicals$ git commit -m 'Merge_1 branch merged into Merge_2 branch'
On branch Merge_2
nothing to commit, working tree clean
shashwat@sf-cpu-443:~/Desktop/Git_Practicals$ git push origin Merge_2
To https://github.com/Shashwat0505/Git_Practicals.git
 ! [rejected]        Merge_2 -> Merge_2 (fetch first)
error: failed to push some refs to 'https://github.com/Shashwat0505/Git_Practicals.git'
hint: Updates were rejected because the remote contains work that you do
hint: not have locally. This is usually caused by another repository pushing
hint: to the same ref. You may want to first integrate the remote changes
hint: (e.g., 'git pull ...') before pushing again.
hint: See the 'Note about fast-forwards' in 'git push --help' for details.
shashwat@sf-cpu-443:~/Desktop/Git_Practicals$ git pull origin Merge_2
remote: Enumerating objects: 5, done.
remote: Counting objects: 100% (5/5), done.
remote: Compressing objects: 100% (3/3), done.
remote: Total 3 (delta 0), reused 0 (delta 0), pack-reused 0
Unpacking objects: 100% (3/3), 775 bytes | 775.00 KiB/s, done.
From https://github.com/Shashwat0505/Git_Practicals
 * branch            Merge_2    -> FETCH_HEAD
   3da4cf0..dbaa7e6  Merge_2    -> origin/Merge_2
hint: You have divergent branches and need to specify how to reconcile them.
hint: You can do so by running one of the following commands sometime before
hint: your next pull:
hint: 
hint:   git config pull.rebase false  # merge (the default strategy)
hint:   git config pull.rebase true   # rebase
hint:   git config pull.ff only       # fast-forward only
hint: 
hint: You can replace "git config" with "git config --global" to set a default
hint: preference for all repositories. You can also pass --rebase, --no-rebase,
hint: or --ff-only on the command line to override the configured default per
hint: invocation.
fatal: Need to specify how to reconcile divergent branches.
shashwat@sf-cpu-443:~/Desktop/Git_Practicals$ git push origin Merge_2
To https://github.com/Shashwat0505/Git_Practicals.git
 ! [rejected]        Merge_2 -> Merge_2 (non-fast-forward)
error: failed to push some refs to 'https://github.com/Shashwat0505/Git_Practicals.git'
hint: Updates were rejected because the tip of your current branch is behind
hint: its remote counterpart. Integrate the remote changes (e.g.
hint: 'git pull ...') before pushing again.
hint: See the 'Note about fast-forwards' in 'git push --help' for details.
shashwat@sf-cpu-443:~/Desktop/Git_Practicals$ git branch
  Merge_1
* Merge_2
  master
shashwat@sf-cpu-443:~/Desktop/Git_Practicals$ git push -f origin Merge_2
Enumerating objects: 4, done.
Counting objects: 100% (4/4), done.
Delta compression using up to 8 threads
Compressing objects: 100% (2/2), done.
Writing objects: 100% (2/2), 276 bytes | 276.00 KiB/s, done.
Total 2 (delta 1), reused 0 (delta 0), pack-reused 0
remote: Resolving deltas: 100% (1/1), completed with 1 local object.
To https://github.com/Shashwat0505/Git_Practicals.git
 + dbaa7e6...d77b92b Merge_2 -> Merge_2 (forced update)
shashwat@sf-cpu-443:~/Desktop/Git_Practicals$ git checkout master
Switched to branch 'master'
shashwat@sf-cpu-443:~/Desktop/Git_Practicals$ git branch Rebase_1
shashwat@sf-cpu-443:~/Desktop/Git_Practicals$ git checkout Rebase_1
Switched to branch 'Rebase_1'
shashwat@sf-cpu-443:~/Desktop/Git_Practicals$ touch Rebase_1.txt
shashwat@sf-cpu-443:~/Desktop/Git_Practicals$ git status
On branch Rebase_1
Untracked files:
  (use "git add <file>..." to include in what will be committed)
	Rebase_1.txt

nothing added to commit but untracked files present (use "git add" to track)
shashwat@sf-cpu-443:~/Desktop/Git_Practicals$ git add .
shashwat@sf-cpu-443:~/Desktop/Git_Practicals$ git status
On branch Rebase_1
Changes to be committed:
  (use "git restore --staged <file>..." to unstage)
	new file:   Rebase_1.txt

shashwat@sf-cpu-443:~/Desktop/Git_Practicals$ git commit -m 'Rebase_1.txt file added in Rebase_1 branch'
[Rebase_1 a90f98a] Rebase_1.txt file added in Rebase_1 branch
 1 file changed, 0 insertions(+), 0 deletions(-)
 create mode 100644 Rebase_1.txt
shashwat@sf-cpu-443:~/Desktop/Git_Practicals$ git push origin Rebase_1
Enumerating objects: 4, done.
Counting objects: 100% (4/4), done.
Delta compression using up to 8 threads
Compressing objects: 100% (2/2), done.
Writing objects: 100% (3/3), 333 bytes | 333.00 KiB/s, done.
Total 3 (delta 0), reused 0 (delta 0), pack-reused 0
remote: 
remote: Create a pull request for 'Rebase_1' on GitHub by visiting:
remote:      https://github.com/Shashwat0505/Git_Practicals/pull/new/Rebase_1
remote: 
To https://github.com/Shashwat0505/Git_Practicals.git
 * [new branch]      Rebase_1 -> Rebase_1
shashwat@sf-cpu-443:~/Desktop/Git_Practicals$ git checkout master
Switched to branch 'master'
shashwat@sf-cpu-443:~/Desktop/Git_Practicals$ git push --help
shashwat@sf-cpu-443:~/Desktop/Git_Practicals$ git checkout master
Already on 'master'
shashwat@sf-cpu-443:~/Desktop/Git_Practicals$ git branch Rebase_2
shashwat@sf-cpu-443:~/Desktop/Git_Practicals$ git checkout Rebase_2
Switched to branch 'Rebase_2'
shashwat@sf-cpu-443:~/Desktop/Git_Practicals$ touch Rebase_2.txt
shashwat@sf-cpu-443:~/Desktop/Git_Practicals$ git add .
shashwat@sf-cpu-443:~/Desktop/Git_Practicals$ git commit -m 'Rebase_2.txt file added in Rebase_2 branch'
[Rebase_2 f4b57f8] Rebase_2.txt file added in Rebase_2 branch
 1 file changed, 0 insertions(+), 0 deletions(-)
 create mode 100644 Rebase_2.txt
shashwat@sf-cpu-443:~/Desktop/Git_Practicals$ git push origin Rebase_2
Enumerating objects: 4, done.
Counting objects: 100% (4/4), done.
Delta compression using up to 8 threads
Compressing objects: 100% (2/2), done.
Writing objects: 100% (3/3), 337 bytes | 337.00 KiB/s, done.
Total 3 (delta 0), reused 0 (delta 0), pack-reused 0
remote: 
remote: Create a pull request for 'Rebase_2' on GitHub by visiting:
remote:      https://github.com/Shashwat0505/Git_Practicals/pull/new/Rebase_2
remote: 
To https://github.com/Shashwat0505/Git_Practicals.git
 * [new branch]      Rebase_2 -> Rebase_2
shashwat@sf-cpu-443:~/Desktop/Git_Practicals$ git checkout Rebase_1
Switched to branch 'Rebase_1'
shashwat@sf-cpu-443:~/Desktop/Git_Practicals$ git rebase Rebase_2
Successfully rebased and updated refs/heads/Rebase_1.
shashwat@sf-cpu-443:~/Desktop/Git_Practicals$ git push origin Rebase_1
To https://github.com/Shashwat0505/Git_Practicals.git
 ! [rejected]        Rebase_1 -> Rebase_1 (fetch first)
error: failed to push some refs to 'https://github.com/Shashwat0505/Git_Practicals.git'
hint: Updates were rejected because the remote contains work that you do
hint: not have locally. This is usually caused by another repository pushing
hint: to the same ref. You may want to first integrate the remote changes
hint: (e.g., 'git pull ...') before pushing again.
hint: See the 'Note about fast-forwards' in 'git push --help' for details.
shashwat@sf-cpu-443:~/Desktop/Git_Practicals$ git pull origin Rebase_1
remote: Enumerating objects: 5, done.
remote: Counting objects: 100% (5/5), done.
remote: Compressing objects: 100% (3/3), done.
remote: Total 3 (delta 0), reused 0 (delta 0), pack-reused 0
Unpacking objects: 100% (3/3), 772 bytes | 772.00 KiB/s, done.
From https://github.com/Shashwat0505/Git_Practicals
 * branch            Rebase_1   -> FETCH_HEAD
   a90f98a..dee014d  Rebase_1   -> origin/Rebase_1
hint: You have divergent branches and need to specify how to reconcile them.
hint: You can do so by running one of the following commands sometime before
hint: your next pull:
hint: 
hint:   git config pull.rebase false  # merge (the default strategy)
hint:   git config pull.rebase true   # rebase
hint:   git config pull.ff only       # fast-forward only
hint: 
hint: You can replace "git config" with "git config --global" to set a default
hint: preference for all repositories. You can also pass --rebase, --no-rebase,
hint: or --ff-only on the command line to override the configured default per
hint: invocation.
fatal: Need to specify how to reconcile divergent branches.
shashwat@sf-cpu-443:~/Desktop/Git_Practicals$ git push -f origin Rebase_1
Enumerating objects: 6, done.
Counting objects: 100% (6/6), done.
Delta compression using up to 8 threads
Compressing objects: 100% (4/4), done.
Writing objects: 100% (5/5), 542 bytes | 542.00 KiB/s, done.
Total 5 (delta 1), reused 0 (delta 0), pack-reused 0
remote: Resolving deltas: 100% (1/1), done.
To https://github.com/Shashwat0505/Git_Practicals.git
 + dee014d...e544d13 Rebase_1 -> Rebase_1 (forced update)
shashwat@sf-cpu-443:~/Desktop/Git_Practicals$ git checkout master
Switched to branch 'master'
shashwat@sf-cpu-443:~/Desktop/Git_Practicals$ git branch Change_Commit
shashwat@sf-cpu-443:~/Desktop/Git_Practicals$ git checkout Change_Commit
Switched to branch 'Change_Commit'
shashwat@sf-cpu-443:~/Desktop/Git_Practicals$ touch Change_Commit.txt
shashwat@sf-cpu-443:~/Desktop/Git_Practicals$ git status
On branch Change_Commit
Untracked files:
  (use "git add <file>..." to include in what will be committed)
	Change_Commit.txt

nothing added to commit but untracked files present (use "git add" to track)
shashwat@sf-cpu-443:~/Desktop/Git_Practicals$ git add .
shashwat@sf-cpu-443:~/Desktop/Git_Practicals$ git status
On branch Change_Commit
Changes to be committed:
  (use "git restore --staged <file>..." to unstage)
	new file:   Change_Commit.txt

shashwat@sf-cpu-443:~/Desktop/Git_Practicals$ git commit -m 'Change_Commit.txt file added in Change_Commit branch'
[Change_Commit 2c9db48] Change_Commit.txt file added in Change_Commit branch
 1 file changed, 0 insertions(+), 0 deletions(-)
 create mode 100644 Change_Commit.txt
shashwat@sf-cpu-443:~/Desktop/Git_Practicals$ git push origin Change_Commit
Enumerating objects: 4, done.
Counting objects: 100% (4/4), done.
Delta compression using up to 8 threads
Compressing objects: 100% (2/2), done.
Writing objects: 100% (3/3), 345 bytes | 345.00 KiB/s, done.
Total 3 (delta 0), reused 0 (delta 0), pack-reused 0
remote: 
remote: Create a pull request for 'Change_Commit' on GitHub by visiting:
remote:      https://github.com/Shashwat0505/Git_Practicals/pull/new/Change_Commit
remote: 
To https://github.com/Shashwat0505/Git_Practicals.git
 * [new branch]      Change_Commit -> Change_Commit
shashwat@sf-cpu-443:~/Desktop/Git_Practicals$ git commit --amend
[Change_Commit 96d79ef] Change_Commit.txt file modified in Change_Commit branch
 Date: Wed Feb 15 12:13:43 2023 +0530
 1 file changed, 0 insertions(+), 0 deletions(-)
 create mode 100644 Change_Commit.txt
shashwat@sf-cpu-443:~/Desktop/Git_Practicals$ git push -f origin Change_Commit 
Enumerating objects: 4, done.
Counting objects: 100% (4/4), done.
Delta compression using up to 8 threads
Compressing objects: 100% (2/2), done.
Writing objects: 100% (3/3), 351 bytes | 351.00 KiB/s, done.
Total 3 (delta 0), reused 0 (delta 0), pack-reused 0
To https://github.com/Shashwat0505/Git_Practicals.git
 + 2c9db48...96d79ef Change_Commit -> Change_Commit (forced update)
shashwat@sf-cpu-443:~/Desktop/Git_Practicals$ git checkout master
Switched to branch 'master'
shashwat@sf-cpu-443:~/Desktop/Git_Practicals$ git branch Cherry_Pick1
shashwat@sf-cpu-443:~/Desktop/Git_Practicals$ git checkout Cherry_Pick2
error: pathspec 'Cherry_Pick2' did not match any file(s) known to git
shashwat@sf-cpu-443:~/Desktop/Git_Practicals$ git checkout Cherry_Pick1
Switched to branch 'Cherry_Pick1'
shashwat@sf-cpu-443:~/Desktop/Git_Practicals$ touch Cherry_Pick1.txt
shashwat@sf-cpu-443:~/Desktop/Git_Practicals$ git status
On branch Cherry_Pick1
Untracked files:
  (use "git add <file>..." to include in what will be committed)
	Cherry_Pick1.txt

nothing added to commit but untracked files present (use "git add" to track)
shashwat@sf-cpu-443:~/Desktop/Git_Practicals$ gi add .
gi: command not found
shashwat@sf-cpu-443:~/Desktop/Git_Practicals$ git add .
shashwat@sf-cpu-443:~/Desktop/Git_Practicals$ git status
On branch Cherry_Pick1
Changes to be committed:
  (use "git restore --staged <file>..." to unstage)
	new file:   Cherry_Pick1.txt

shashwat@sf-cpu-443:~/Desktop/Git_Practicals$ git commit -m 'Cherry_Pick1.txt file added in Cherry_Pick1 branch'
[Cherry_Pick1 ebedb3b] Cherry_Pick1.txt file added in Cherry_Pick1 branch
 1 file changed, 0 insertions(+), 0 deletions(-)
 create mode 100644 Cherry_Pick1.txt
shashwat@sf-cpu-443:~/Desktop/Git_Practicals$ git push origin Cherry_Pick1
Enumerating objects: 4, done.
Counting objects: 100% (4/4), done.
Delta compression using up to 8 threads
Compressing objects: 100% (2/2), done.
Writing objects: 100% (3/3), 344 bytes | 344.00 KiB/s, done.
Total 3 (delta 0), reused 0 (delta 0), pack-reused 0
remote: 
remote: Create a pull request for 'Cherry_Pick1' on GitHub by visiting:
remote:      https://github.com/Shashwat0505/Git_Practicals/pull/new/Cherry_Pick1
remote: 
To https://github.com/Shashwat0505/Git_Practicals.git
 * [new branch]      Cherry_Pick1 -> Cherry_Pick1
shashwat@sf-cpu-443:~/Desktop/Git_Practicals$ git checkout master
Switched to branch 'master'
shashwat@sf-cpu-443:~/Desktop/Git_Practicals$ git branch Cherry_Pick2
shashwat@sf-cpu-443:~/Desktop/Git_Practicals$ git checkout Cherry_Pick2
Switched to branch 'Cherry_Pick2'
shashwat@sf-cpu-443:~/Desktop/Git_Practicals$ touch Cherry_Pick2.txt
shashwat@sf-cpu-443:~/Desktop/Git_Practicals$ git status
On branch Cherry_Pick2
Untracked files:
  (use "git add <file>..." to include in what will be committed)
	Cherry_Pick2.txt

nothing added to commit but untracked files present (use "git add" to track)
shashwat@sf-cpu-443:~/Desktop/Git_Practicals$ git add .
shashwat@sf-cpu-443:~/Desktop/Git_Practicals$ git status
On branch Cherry_Pick2
Changes to be committed:
  (use "git restore --staged <file>..." to unstage)
	new file:   Cherry_Pick2.txt

shashwat@sf-cpu-443:~/Desktop/Git_Practicals$ git commit -m 'Cherry_Pick2.txt file added in Cherry_Pick2 branch'
[Cherry_Pick2 152808b] Cherry_Pick2.txt file added in Cherry_Pick2 branch
 1 file changed, 0 insertions(+), 0 deletions(-)
 create mode 100644 Cherry_Pick2.txt
shashwat@sf-cpu-443:~/Desktop/Git_Practicals$ git push origin Cherry_Pick2
Enumerating objects: 4, done.
Counting objects: 100% (4/4), done.
Delta compression using up to 8 threads
Compressing objects: 100% (2/2), done.
Writing objects: 100% (3/3), 342 bytes | 342.00 KiB/s, done.
Total 3 (delta 0), reused 0 (delta 0), pack-reused 0
remote: 
remote: Create a pull request for 'Cherry_Pick2' on GitHub by visiting:
remote:      https://github.com/Shashwat0505/Git_Practicals/pull/new/Cherry_Pick2
remote: 
To https://github.com/Shashwat0505/Git_Practicals.git
 * [new branch]      Cherry_Pick2 -> Cherry_Pick2
shashwat@sf-cpu-443:~/Desktop/Git_Practicals$ git log
commit 152808b7718dae7c61e84afa6169d24568082ee9 (HEAD -> Cherry_Pick2, origin/Cherry_Pick2)
Author: Shashwat5522 <srmehta5522@gmail.com>
Date:   Wed Feb 15 12:29:34 2023 +0530

    Cherry_Pick2.txt file added in Cherry_Pick2 branch

commit 0dfcca3bd020faedc0a76df38417e7eafd9ccee8 (origin/master, master)
Author: Shashwat5522 <srmehta5522@gmail.com>
Date:   Wed Feb 15 10:43:29 2023 +0530

    index.html and README.md file added to master branch

commit bfeb8d9827a7818edd6b2be19d8d210a0454f693
Author: Shashwat5522 <srmehta5522@gmail.com>
Date:   Wed Feb 15 10:39:14 2023 +0530

    index.html file added in master branch
shashwat@sf-cpu-443:~/Desktop/Git_Practicals$ git checkout Cherry_Pick1
Switched to branch 'Cherry_Pick1'
shashwat@sf-cpu-443:~/Desktop/Git_Practicals$ git cherry-pick 152808b7718dae7c61e84afa6169d24568082ee9
[Cherry_Pick1 34d7256] Cherry_Pick2.txt file added in Cherry_Pick2 branch
 Date: Wed Feb 15 12:29:34 2023 +0530
 1 file changed, 0 insertions(+), 0 deletions(-)
 create mode 100644 Cherry_Pick2.txt
shashwat@sf-cpu-443:~/Desktop/Git_Practicals$ git push -f origin Cherry_Pick1
Enumerating objects: 3, done.
Counting objects: 100% (3/3), done.
Delta compression using up to 8 threads
Compressing objects: 100% (2/2), done.
Writing objects: 100% (2/2), 269 bytes | 269.00 KiB/s, done.
Total 2 (delta 1), reused 0 (delta 0), pack-reused 0
remote: Resolving deltas: 100% (1/1), completed with 1 local object.
To https://github.com/Shashwat0505/Git_Practicals.git
   ebedb3b..34d7256  Cherry_Pick1 -> Cherry_Pick1
shashwat@sf-cpu-443:~/Desktop/Git_Practicals$ git checkout master
Switched to branch 'master'
shashwat@sf-cpu-443:~/Desktop/Git_Practicals$ branch Drop_Commit
Command 'branch' not found, but can be installed with:
apt install rheolef
Please ask your administrator.
shashwat@sf-cpu-443:~/Desktop/Git_Practicals$ git branch Drop_Commit
shashwat@sf-cpu-443:~/Desktop/Git_Practicals$ git checkout Drop_Commit
Switched to branch 'Drop_Commit'
shashwat@sf-cpu-443:~/Desktop/Git_Practicals$ touch Drop_Commit1.txt
shashwat@sf-cpu-443:~/Desktop/Git_Practicals$ git status
On branch Drop_Commit
Untracked files:
  (use "git add <file>..." to include in what will be committed)
	Drop_Commit1.txt

nothing added to commit but untracked files present (use "git add" to track)
shashwat@sf-cpu-443:~/Desktop/Git_Practicals$ git add .
shashwat@sf-cpu-443:~/Desktop/Git_Practicals$ git status
On branch Drop_Commit
Changes to be committed:
  (use "git restore --staged <file>..." to unstage)
	new file:   Drop_Commit1.txt

shashwat@sf-cpu-443:~/Desktop/Git_Practicals$ git commmit -m 'Drop_Commit1.txt file added in Drop_Commit1 branch'
git: 'commmit' is not a git command. See 'git --help'.

The most similar command is
	commit
shashwat@sf-cpu-443:~/Desktop/Git_Practicals$ git commit -m 'Drop_Commit1.txt file added in Drop_Commit1 branch'
[Drop_Commit 86c6e99] Drop_Commit1.txt file added in Drop_Commit1 branch
 1 file changed, 0 insertions(+), 0 deletions(-)
 create mode 100644 Drop_Commit1.txt
shashwat@sf-cpu-443:~/Desktop/Git_Practicals$ git push origin Drop_Commit1
error: src refspec Drop_Commit1 does not match any
error: failed to push some refs to 'https://github.com/Shashwat0505/Git_Practicals.git'
shashwat@sf-cpu-443:~/Desktop/Git_Practicals$ git push origin Drop_Commit
Enumerating objects: 4, done.
Counting objects: 100% (4/4), done.
Delta compression using up to 8 threads
Compressing objects: 100% (2/2), done.
Writing objects: 100% (3/3), 343 bytes | 343.00 KiB/s, done.
Total 3 (delta 0), reused 0 (delta 0), pack-reused 0
remote: 
remote: Create a pull request for 'Drop_Commit' on GitHub by visiting:
remote:      https://github.com/Shashwat0505/Git_Practicals/pull/new/Drop_Commit
remote: 
To https://github.com/Shashwat0505/Git_Practicals.git
 * [new branch]      Drop_Commit -> Drop_Commit
shashwat@sf-cpu-443:~/Desktop/Git_Practicals$ git log
commit 86c6e9917de63fbf31d46ad7338b09c9dff3fdca (HEAD -> Drop_Commit, origin/Drop_Commit)
Author: Shashwat5522 <srmehta5522@gmail.com>
Date:   Wed Feb 15 12:48:37 2023 +0530

    Drop_Commit1.txt file added in Drop_Commit1 branch

commit 0dfcca3bd020faedc0a76df38417e7eafd9ccee8 (origin/master, master)
Author: Shashwat5522 <srmehta5522@gmail.com>
Date:   Wed Feb 15 10:43:29 2023 +0530

    index.html and README.md file added to master branch

commit bfeb8d9827a7818edd6b2be19d8d210a0454f693
Author: Shashwat5522 <srmehta5522@gmail.com>
Date:   Wed Feb 15 10:39:14 2023 +0530

    index.html file added in master branch
shashwat@sf-cpu-443:~/Desktop/Git_Practicals$ git reset --hard HEAD~1
HEAD is now at 0dfcca3 index.html and README.md file added to master branch
shashwat@sf-cpu-443:~/Desktop/Git_Practicals$ git push origin HEAD --force 
Total 0 (delta 0), reused 0 (delta 0), pack-reused 0
To https://github.com/Shashwat0505/Git_Practicals.git
 + 86c6e99...0dfcca3 HEAD -> Drop_Commit (forced update)

